// Jest Snapshot v1, https://goo.gl/fbAQLP

exports[`Pruebas con <GifItem/> match snapsnot 1`] = `
<div>
  <div
    class="card"
  >
    <img
      alt="jordi"
      src="http://localhost/odermygear.com"
    />
    <p>
      jordi
    </p>
  </div>
</div>
`;
